  Ôû▓ Next.js 14.2.3
  - Environments: .env.local

   Creating an optimized production build ...
 Ô£ô Compiled successfully
   Linting and checking validity of types ...
   Collecting page data ...
   Generating static pages (0/4) ...
   Generating static pages (1/4) 
   Generating static pages (2/4) 
   Generating static pages (3/4) 
 Ô£ô Generating static pages (4/4)
   Finalizing page optimization ...
   Collecting build traces ...

Route (app)                              Size     First Load JS
Ôöî Ôùï /_not-found                          871 B          87.9 kB
Ôö£ ãÆ /[locale]                            703 B           107 kB
Ôö£ ãÆ /[locale]/analyze                    2.02 kB         105 kB
Ôö£ ãÆ /[locale]/community                  2.78 kB         113 kB
Ôö£ ãÆ /[locale]/login                      289 B           106 kB
Ôö£ ãÆ /[locale]/onboarding                 2.49 kB         102 kB
Ôö£ ãÆ /[locale]/profile                    2.97 kB         113 kB
Ôö£ ãÆ /[locale]/result                     2.83 kB         113 kB
Ôö£ ãÆ /[locale]/upload                     3.1 kB          118 kB
Ôöö ãÆ /api/analyze                         0 B                0 B
+ First Load JS shared by all            87 kB
  Ôö£ chunks/23-e16f3376f5d9ba65.js        31.5 kB
  Ôö£ chunks/fd9d1056-4bf2d1d13868e5e5.js  53.6 kB
  Ôöö other shared chunks (total)          1.95 kB


ãÆ Middleware                             38.2 kB

Ôùï  (Static)   prerendered as static content
ãÆ  (Dynamic)  server-rendered on demand

